<?xml version="1.0" encoding="utf-8"?>
<TestRun id="2c43420b-8490-48cd-8a10-3e2e026edc02" name="@Nikolaoss-MacBook-Air 2025-08-01 16:09:40" xmlns="http://microsoft.com/schemas/VisualStudio/TeamTest/2010">
  <Times creation="2025-08-01T16:09:40.4713500+03:00" queuing="2025-08-01T16:09:40.4713500+03:00" start="2025-08-01T16:09:35.0506660+03:00" finish="2025-08-01T16:09:49.7181430+03:00" />
  <TestSettings name="default" id="e23c6a03-4816-4878-b7d3-cec3bc9ab165">
    <Deployment runDeploymentRoot="_Nikolaoss-MacBook-Air_2025-08-01_16_09_40" />
  </TestSettings>
  <Results>
    <UnitTestResult executionId="2209fae8-1011-44cb-bbb2-508631bd4b8f" testId="f642d4ce-ceae-a4bd-bbb7-56190eedbd3b" testName="ServicesDashboard.Tests.Controllers.ServersControllerTests.GetConnection_WithValidId_ReturnsOkWithConnection" computerName="Nikolaoss-MacBook-Air" duration="00:00:00.0009042" startTime="2025-08-01T16:09:40.4592750+03:00" endTime="2025-08-01T16:09:40.4592750+03:00" testType="13cdc9d9-ddb5-4fa4-a97d-d965ccfc6d4b" outcome="Passed" testListId="8c84fa94-04c1-424b-9868-57a2d4851a1d" relativeResultsDirectory="2209fae8-1011-44cb-bbb2-508631bd4b8f" />
    <UnitTestResult executionId="7db6f8fb-7acc-4b04-8211-289cdb7e4d3d" testId="ba01ddb8-41ec-e6c5-4035-979e8055b646" testName="ServicesDashboard.Tests.Controllers.NetworkDiscoveryControllerTests.AddDiscoveredServiceToServices_GeneratesCorrectUrl(hostAddress: &quot;192.168.1.1&quot;, port: 443, serviceType: &quot;https&quot;, expectedUrl: &quot;https://192.168.1.1:443&quot;)" computerName="Nikolaoss-MacBook-Air" duration="00:00:00.0024894" startTime="2025-08-01T16:09:40.4600120+03:00" endTime="2025-08-01T16:09:40.4600120+03:00" testType="13cdc9d9-ddb5-4fa4-a97d-d965ccfc6d4b" outcome="Passed" testListId="8c84fa94-04c1-424b-9868-57a2d4851a1d" relativeResultsDirectory="7db6f8fb-7acc-4b04-8211-289cdb7e4d3d" />
    <UnitTestResult executionId="add62216-3299-414d-8125-11d2d0ff785a" testId="422f4e1f-7619-50dd-960a-d1a4c9e58d1f" testName="ServicesDashboard.Tests.Controllers.ServersControllerTests.DeleteConnection_WithInvalidId_ReturnsNotFound" computerName="Nikolaoss-MacBook-Air" duration="00:00:00.0007413" startTime="2025-08-01T16:09:40.4599050+03:00" endTime="2025-08-01T16:09:40.4599050+03:00" testType="13cdc9d9-ddb5-4fa4-a97d-d965ccfc6d4b" outcome="Passed" testListId="8c84fa94-04c1-424b-9868-57a2d4851a1d" relativeResultsDirectory="add62216-3299-414d-8125-11d2d0ff785a" />
    <UnitTestResult executionId="497f8b60-a3ca-44ab-9181-ad910eeade37" testId="55e83053-2da7-debb-2e9a-23fd284c89f5" testName="ServicesDashboard.Tests.Controllers.LogsControllerTests.DownloadContainerLogs_WithValidContainerId_ReturnsFileResult" computerName="Nikolaoss-MacBook-Air" duration="00:00:00.0026773" startTime="2025-08-01T16:09:40.4619150+03:00" endTime="2025-08-01T16:09:40.4619150+03:00" testType="13cdc9d9-ddb5-4fa4-a97d-d965ccfc6d4b" outcome="Passed" testListId="8c84fa94-04c1-424b-9868-57a2d4851a1d" relativeResultsDirectory="497f8b60-a3ca-44ab-9181-ad910eeade37" />
    <UnitTestResult executionId="e829f405-f988-4ec1-a3df-9ecaad38e7e3" testId="f7e91d68-24a1-4ac4-9538-d6cb1549be07" testName="ServicesDashboard.Tests.Controllers.ServersControllerTests.GetConnection_WithInvalidId_ReturnsNotFound" computerName="Nikolaoss-MacBook-Air" duration="00:00:00.0003160" startTime="2025-08-01T16:09:40.4616620+03:00" endTime="2025-08-01T16:09:40.4616620+03:00" testType="13cdc9d9-ddb5-4fa4-a97d-d965ccfc6d4b" outcome="Passed" testListId="8c84fa94-04c1-424b-9868-57a2d4851a1d" relativeResultsDirectory="e829f405-f988-4ec1-a3df-9ecaad38e7e3" />
    <UnitTestResult executionId="1881618a-dfe7-420e-9167-677b0a14f4f7" testId="5e908340-ffe9-3140-3dfc-9442d4814977" testName="ServicesDashboard.Tests.Controllers.NetworkDiscoveryControllerTests.AddDiscoveredServiceToServices_GeneratesCorrectUrl(hostAddress: &quot;192.168.1.1&quot;, port: 80, serviceType: &quot;http&quot;, expectedUrl: &quot;http://192.168.1.1:80&quot;)" computerName="Nikolaoss-MacBook-Air" duration="00:00:00.0000550" startTime="2025-08-01T16:09:40.4603460+03:00" endTime="2025-08-01T16:09:40.4603460+03:00" testType="13cdc9d9-ddb5-4fa4-a97d-d965ccfc6d4b" outcome="Passed" testListId="8c84fa94-04c1-424b-9868-57a2d4851a1d" relativeResultsDirectory="1881618a-dfe7-420e-9167-677b0a14f4f7" />
    <UnitTestResult executionId="2450a1f5-97dc-4016-9127-c384c1d63ef9" testId="e063fec4-e5c1-44f8-fb52-9ef84c815d8a" testName="ServicesDashboard.Tests.Controllers.NetworkDiscoveryControllerTests.ScanNetwork_WithException_ReturnsBadRequest" computerName="Nikolaoss-MacBook-Air" duration="00:00:00.0007371" startTime="2025-08-01T16:09:40.4618560+03:00" endTime="2025-08-01T16:09:40.4618560+03:00" testType="13cdc9d9-ddb5-4fa4-a97d-d965ccfc6d4b" outcome="Passed" testListId="8c84fa94-04c1-424b-9868-57a2d4851a1d" relativeResultsDirectory="2450a1f5-97dc-4016-9127-c384c1d63ef9" />
    <UnitTestResult executionId="65e3f48e-3cbb-4bb0-8598-2a8acdda2210" testId="33f56f6f-8bcf-416d-6466-f7bdd981ba5d" testName="ServicesDashboard.Tests.Controllers.NetworkDiscoveryControllerTests.ScanHost_WithValidRequest_ReturnsOkResult" computerName="Nikolaoss-MacBook-Air" duration="00:00:00.0356135" startTime="2025-08-01T16:09:40.4591640+03:00" endTime="2025-08-01T16:09:40.4591640+03:00" testType="13cdc9d9-ddb5-4fa4-a97d-d965ccfc6d4b" outcome="Passed" testListId="8c84fa94-04c1-424b-9868-57a2d4851a1d" relativeResultsDirectory="65e3f48e-3cbb-4bb0-8598-2a8acdda2210" />
    <UnitTestResult executionId="b1ddbd9c-118a-4edb-8c61-79ecf55c1e4b" testId="706057aa-0c14-d2e0-358a-006d99cf412b" testName="ServicesDashboard.Tests.Controllers.NetworkDiscoveryControllerTests.AddDiscoveredServiceToServices_GeneratesCorrectUrl(hostAddress: &quot;192.168.1.1&quot;, port: 3306, serviceType: &quot;mysql&quot;, expectedUrl: &quot;http://192.168.1.1:3306&quot;)" computerName="Nikolaoss-MacBook-Air" duration="00:00:00.0003163" startTime="2025-08-01T16:09:40.4601700+03:00" endTime="2025-08-01T16:09:40.4601700+03:00" testType="13cdc9d9-ddb5-4fa4-a97d-d965ccfc6d4b" outcome="Passed" testListId="8c84fa94-04c1-424b-9868-57a2d4851a1d" relativeResultsDirectory="b1ddbd9c-118a-4edb-8c61-79ecf55c1e4b" />
    <UnitTestResult executionId="15df677c-8de9-41d1-bf66-8ad4cb73f5e5" testId="fd6a335d-8e30-03fd-3e0e-6902962c82bf" testName="ServicesDashboard.Tests.Controllers.ServersControllerTests.TestConnection_WithValidId_ReturnsOkWithResult" computerName="Nikolaoss-MacBook-Air" duration="00:00:00.0005653" startTime="2025-08-01T16:09:40.4613500+03:00" endTime="2025-08-01T16:09:40.4613500+03:00" testType="13cdc9d9-ddb5-4fa4-a97d-d965ccfc6d4b" outcome="Passed" testListId="8c84fa94-04c1-424b-9868-57a2d4851a1d" relativeResultsDirectory="15df677c-8de9-41d1-bf66-8ad4cb73f5e5" />
    <UnitTestResult executionId="60f7366f-9ba0-45a5-816b-e3a63d1f38e0" testId="261b7edd-955f-e640-1e8d-55d103d56f1f" testName="ServicesDashboard.Tests.Controllers.ServersControllerTests.UpdateConnection_WithInvalidId_ReturnsNotFound" computerName="Nikolaoss-MacBook-Air" duration="00:00:00.0349029" startTime="2025-08-01T16:09:40.4589400+03:00" endTime="2025-08-01T16:09:40.4589400+03:00" testType="13cdc9d9-ddb5-4fa4-a97d-d965ccfc6d4b" outcome="Passed" testListId="8c84fa94-04c1-424b-9868-57a2d4851a1d" relativeResultsDirectory="60f7366f-9ba0-45a5-816b-e3a63d1f38e0" />
    <UnitTestResult executionId="84477d42-f9ce-40ac-b2d1-4ca7f6be04b2" testId="28be2ecf-9d6a-dbc7-e02b-62b6be568849" testName="ServicesDashboard.Tests.Models.HostedServiceTests.HostedService_Properties_CanBeSet" computerName="Nikolaoss-MacBook-Air" duration="00:00:00.0003439" startTime="2025-08-01T16:09:40.4311510+03:00" endTime="2025-08-01T16:09:40.4311510+03:00" testType="13cdc9d9-ddb5-4fa4-a97d-d965ccfc6d4b" outcome="Passed" testListId="8c84fa94-04c1-424b-9868-57a2d4851a1d" relativeResultsDirectory="84477d42-f9ce-40ac-b2d1-4ca7f6be04b2" />
    <UnitTestResult executionId="f0aedd11-4980-4b8f-b55a-623cf8fd7ca6" testId="83df9e9c-2713-66f4-d231-e99c124e3d35" testName="ServicesDashboard.Tests.Controllers.ServersControllerTests.AddConnection_WithValidData_ReturnsCreatedAtAction" computerName="Nikolaoss-MacBook-Air" duration="00:00:00.0016960" startTime="2025-08-01T16:09:40.4609060+03:00" endTime="2025-08-01T16:09:40.4609060+03:00" testType="13cdc9d9-ddb5-4fa4-a97d-d965ccfc6d4b" outcome="Passed" testListId="8c84fa94-04c1-424b-9868-57a2d4851a1d" relativeResultsDirectory="f0aedd11-4980-4b8f-b55a-623cf8fd7ca6" />
    <UnitTestResult executionId="f1af34a8-835e-4258-8f40-672fd9ba63ce" testId="7898796b-a844-3338-2246-0b79082c0590" testName="ServicesDashboard.Tests.Controllers.LogsControllerTests.GetContainerLogs_WithCustomLines_PassesCorrectParameter" computerName="Nikolaoss-MacBook-Air" duration="00:00:00.0017937" startTime="2025-08-01T16:09:40.4620750+03:00" endTime="2025-08-01T16:09:40.4620750+03:00" testType="13cdc9d9-ddb5-4fa4-a97d-d965ccfc6d4b" outcome="Passed" testListId="8c84fa94-04c1-424b-9868-57a2d4851a1d" relativeResultsDirectory="f1af34a8-835e-4258-8f40-672fd9ba63ce" />
    <UnitTestResult executionId="467c12ba-1b4a-4bee-ac55-4b4270c582c8" testId="8eedda20-ae0e-6421-677b-bb5fad03a9cc" testName="ServicesDashboard.Tests.Services.NetworkDiscoveryServiceTests.ScanNetworkAsync_WithValidCidrRange_ReturnsDiscoveredServices" computerName="Nikolaoss-MacBook-Air" duration="00:00:00.0274187" startTime="2025-08-01T16:09:40.4450390+03:00" endTime="2025-08-01T16:09:40.4450390+03:00" testType="13cdc9d9-ddb5-4fa4-a97d-d965ccfc6d4b" outcome="Passed" testListId="8c84fa94-04c1-424b-9868-57a2d4851a1d" relativeResultsDirectory="467c12ba-1b4a-4bee-ac55-4b4270c582c8" />
    <UnitTestResult executionId="23f72096-a3cb-4a7a-99e3-af3e647640d0" testId="c5f4b392-1434-2b61-6bc9-5fc0b646f8fd" testName="ServicesDashboard.Tests.Services.NetworkDiscoveryServiceTests.ScanHostAsync_WithValidHost_ReturnsDiscoveredServices" computerName="Nikolaoss-MacBook-Air" duration="00:00:00.0034095" startTime="2025-08-01T16:09:49.5491500+03:00" endTime="2025-08-01T16:09:49.5491500+03:00" testType="13cdc9d9-ddb5-4fa4-a97d-d965ccfc6d4b" outcome="Passed" testListId="8c84fa94-04c1-424b-9868-57a2d4851a1d" relativeResultsDirectory="23f72096-a3cb-4a7a-99e3-af3e647640d0" />
    <UnitTestResult executionId="aa79cefd-8d15-4cdc-8661-727e3177d197" testId="5cbb8a4c-3806-08ba-465b-2d49acf81482" testName="ServicesDashboard.Tests.Controllers.NetworkDiscoveryControllerTests.AddDiscoveredServiceToServices_GeneratesCorrectUrl(hostAddress: &quot;192.168.1.1&quot;, port: 8080, serviceType: &quot;http alt&quot;, expectedUrl: &quot;http://192.168.1.1:8080&quot;)" computerName="Nikolaoss-MacBook-Air" duration="00:00:00.0000406" startTime="2025-08-01T16:09:40.4605150+03:00" endTime="2025-08-01T16:09:40.4605150+03:00" testType="13cdc9d9-ddb5-4fa4-a97d-d965ccfc6d4b" outcome="Passed" testListId="8c84fa94-04c1-424b-9868-57a2d4851a1d" relativeResultsDirectory="aa79cefd-8d15-4cdc-8661-727e3177d197" />
    <UnitTestResult executionId="fe927fe9-a149-4539-98a3-9245462ad63b" testId="f1027272-703c-bd2b-923a-d8891cc51473" testName="ServicesDashboard.Tests.Integration.NetworkDiscoveryIntegrationTests.ScanNetwork_WithValidRequest_ReturnsSuccess" computerName="Nikolaoss-MacBook-Air" duration="00:00:00.0010000" startTime="2025-08-01T16:09:40.4252510+03:00" endTime="2025-08-01T16:09:40.4252600+03:00" testType="13cdc9d9-ddb5-4fa4-a97d-d965ccfc6d4b" outcome="Failed" testListId="8c84fa94-04c1-424b-9868-57a2d4851a1d" relativeResultsDirectory="fe927fe9-a149-4539-98a3-9245462ad63b">
      <Output>
        <ErrorInfo>
          <Message>System.InvalidOperationException : Can't find '/Users/nickantoniadis/Documents/Repositories/ServicesDashboard/ServicesDashboard.Tests/bin/Debug/net9.0/testhost.deps.json'. This file is required for functional tests to run properly. There should be a copy of the file on your source project bin folder. If that is not the case, make sure that the property PreserveCompilationContext is set to true on your project file. E.g '&lt;PreserveCompilationContext&gt;true&lt;/PreserveCompilationContext&gt;'. For functional tests to work they need to either run from the build output folder or the testhost.deps.json file from your application's output directory must be copied to the folder where the tests are running on. A common cause for this error is having shadow copying enabled when the tests run.</Message>
          <StackTrace>   at Microsoft.AspNetCore.Mvc.Testing.WebApplicationFactory`1.EnsureDepsFile()
   at Microsoft.AspNetCore.Mvc.Testing.WebApplicationFactory`1.EnsureServer()
   at Microsoft.AspNetCore.Mvc.Testing.WebApplicationFactory`1.CreateDefaultClient(DelegatingHandler[] handlers)
   at Microsoft.AspNetCore.Mvc.Testing.WebApplicationFactory`1.CreateDefaultClient(Uri baseAddress, DelegatingHandler[] handlers)
   at Microsoft.AspNetCore.Mvc.Testing.WebApplicationFactory`1.CreateClient(WebApplicationFactoryClientOptions options)
   at Microsoft.AspNetCore.Mvc.Testing.WebApplicationFactory`1.CreateClient()
   at ServicesDashboard.Tests.Integration.NetworkDiscoveryIntegrationTests..ctor(WebApplicationFactory`1 factory) in /Users/nickantoniadis/Documents/Repositories/ServicesDashboard/ServicesDashboard.Tests/Integration/NetworkDiscoveryIntegrationTests.cs:line 18
   at System.RuntimeMethodHandle.InvokeMethod(Object target, Void** arguments, Signature sig, Boolean isConstructor)
   at System.Reflection.MethodBaseInvoker.InvokeDirectByRefWithFewArgs(Object obj, Span`1 copyOfArgs, BindingFlags invokeAttr)</StackTrace>
        </ErrorInfo>
      </Output>
    </UnitTestResult>
    <UnitTestResult executionId="1ba845a4-5183-4b96-985b-d1845c67db36" testId="acfdc6ea-1ea1-3add-7c52-4f2323013b62" testName="ServicesDashboard.Tests.Controllers.LogsControllerTests.GetContainerLogs_WithValidContainerId_ReturnsOkWithLogs" computerName="Nikolaoss-MacBook-Air" duration="00:00:00.0018312" startTime="2025-08-01T16:09:40.4606260+03:00" endTime="2025-08-01T16:09:40.4606260+03:00" testType="13cdc9d9-ddb5-4fa4-a97d-d965ccfc6d4b" outcome="Passed" testListId="8c84fa94-04c1-424b-9868-57a2d4851a1d" relativeResultsDirectory="1ba845a4-5183-4b96-985b-d1845c67db36" />
    <UnitTestResult executionId="adde8874-38ab-4061-b8b4-8bea9b0cdbc5" testId="2ec22ccc-9f53-fd22-bd37-dc65f53d39cc" testName="ServicesDashboard.Tests.Models.HostedServiceTests.HostedService_DefaultValues_AreSetCorrectly" computerName="Nikolaoss-MacBook-Air" duration="00:00:00.0040332" startTime="2025-08-01T16:09:40.4300070+03:00" endTime="2025-08-01T16:09:40.4300070+03:00" testType="13cdc9d9-ddb5-4fa4-a97d-d965ccfc6d4b" outcome="Passed" testListId="8c84fa94-04c1-424b-9868-57a2d4851a1d" relativeResultsDirectory="adde8874-38ab-4061-b8b4-8bea9b0cdbc5" />
    <UnitTestResult executionId="d25a3b54-760a-490f-96eb-4cb0f32dc71a" testId="99865d63-be48-2b48-8d50-99e9960bad2e" testName="ServicesDashboard.Tests.Services.NetworkDiscoveryServiceTests.ScanHostAsync_WithDifferentHosts_HandlesGracefully(hostAddress: &quot;192.168.1.1&quot;)" computerName="Nikolaoss-MacBook-Air" duration="00:00:03.0679964" startTime="2025-08-01T16:09:49.5349770+03:00" endTime="2025-08-01T16:09:49.5349770+03:00" testType="13cdc9d9-ddb5-4fa4-a97d-d965ccfc6d4b" outcome="Passed" testListId="8c84fa94-04c1-424b-9868-57a2d4851a1d" relativeResultsDirectory="d25a3b54-760a-490f-96eb-4cb0f32dc71a" />
    <UnitTestResult executionId="1218180e-dccd-475b-859d-3a18c07e217c" testId="370154b5-c46c-c7a7-d5bb-2a75924b4037" testName="ServicesDashboard.Tests.Services.NetworkDiscoveryServiceTests.ScanNetworkAsync_WithRangeNotation_ParsesCorrectly" computerName="Nikolaoss-MacBook-Air" duration="00:00:00.0038913" startTime="2025-08-01T16:09:49.5534040+03:00" endTime="2025-08-01T16:09:49.5534040+03:00" testType="13cdc9d9-ddb5-4fa4-a97d-d965ccfc6d4b" outcome="Passed" testListId="8c84fa94-04c1-424b-9868-57a2d4851a1d" relativeResultsDirectory="1218180e-dccd-475b-859d-3a18c07e217c" />
    <UnitTestResult executionId="7ebd8dad-7479-44a7-b1f4-acaaa1824046" testId="0bed79ce-99c9-ce39-2891-964c239890e3" testName="ServicesDashboard.Tests.Controllers.LogsControllerTests.GetContainers_ReturnsOkWithContainerList" computerName="Nikolaoss-MacBook-Air" duration="00:00:00.0014502" startTime="2025-08-01T16:09:40.4597930+03:00" endTime="2025-08-01T16:09:40.4597930+03:00" testType="13cdc9d9-ddb5-4fa4-a97d-d965ccfc6d4b" outcome="Passed" testListId="8c84fa94-04c1-424b-9868-57a2d4851a1d" relativeResultsDirectory="7ebd8dad-7479-44a7-b1f4-acaaa1824046" />
    <UnitTestResult executionId="74cc203a-e7c1-49a8-8640-8cb41d2a05f6" testId="7753b3d4-a2ba-d287-f5cc-488fb8d8f0ef" testName="ServicesDashboard.Tests.Controllers.LogsControllerTests.AnalyzeLogs_WithValidLogs_ReturnsAnalysisResult" computerName="Nikolaoss-MacBook-Air" duration="00:00:00.0355844" startTime="2025-08-01T16:09:40.4590560+03:00" endTime="2025-08-01T16:09:40.4590560+03:00" testType="13cdc9d9-ddb5-4fa4-a97d-d965ccfc6d4b" outcome="Passed" testListId="8c84fa94-04c1-424b-9868-57a2d4851a1d" relativeResultsDirectory="74cc203a-e7c1-49a8-8640-8cb41d2a05f6" />
    <UnitTestResult executionId="8dc2ef20-e877-43ac-98c8-dbb8e43c4802" testId="c9c42793-4cf0-005f-abb3-28def34b517a" testName="ServicesDashboard.Tests.Services.NetworkDiscoveryServiceTests.ScanNetworkAsync_WithSingleIp_HandlesSingleHost" computerName="Nikolaoss-MacBook-Air" duration="00:00:00.0085908" startTime="2025-08-01T16:09:49.5453400+03:00" endTime="2025-08-01T16:09:49.5453400+03:00" testType="13cdc9d9-ddb5-4fa4-a97d-d965ccfc6d4b" outcome="Passed" testListId="8c84fa94-04c1-424b-9868-57a2d4851a1d" relativeResultsDirectory="8dc2ef20-e877-43ac-98c8-dbb8e43c4802" />
    <UnitTestResult executionId="2ee1b8de-f046-4278-8244-9f02f89a8bb3" testId="cf5f742f-82a1-5435-7a6c-24fd60a1375d" testName="ServicesDashboard.Tests.Services.NetworkDiscoveryServiceTests.ScanHostAsync_WithDifferentHosts_HandlesGracefully(hostAddress: &quot;172.16.0.1&quot;)" computerName="Nikolaoss-MacBook-Air" duration="00:00:03.0133880" startTime="2025-08-01T16:09:43.4615650+03:00" endTime="2025-08-01T16:09:43.4615650+03:00" testType="13cdc9d9-ddb5-4fa4-a97d-d965ccfc6d4b" outcome="Passed" testListId="8c84fa94-04c1-424b-9868-57a2d4851a1d" relativeResultsDirectory="2ee1b8de-f046-4278-8244-9f02f89a8bb3" />
    <UnitTestResult executionId="e1a98d5f-b996-448c-af67-13f045fe8743" testId="adf6976e-3967-ea7f-805c-c3ae14f68e05" testName="ServicesDashboard.Tests.Controllers.NetworkDiscoveryControllerTests.AddDiscoveredServiceToServices_WithValidRequest_ReturnsOkResult" computerName="Nikolaoss-MacBook-Air" duration="00:00:00.0003247" startTime="2025-08-01T16:09:40.4612440+03:00" endTime="2025-08-01T16:09:40.4612440+03:00" testType="13cdc9d9-ddb5-4fa4-a97d-d965ccfc6d4b" outcome="Passed" testListId="8c84fa94-04c1-424b-9868-57a2d4851a1d" relativeResultsDirectory="e1a98d5f-b996-448c-af67-13f045fe8743" />
    <UnitTestResult executionId="c3e03044-b2d1-4d08-906b-b6ba936bc926" testId="b5adbda2-8059-db40-9689-27e898ffbf75" testName="ServicesDashboard.Tests.Controllers.NetworkDiscoveryControllerTests.ScanNetwork_WithValidRequest_ReturnsOkResult" computerName="Nikolaoss-MacBook-Air" duration="00:00:00.0008022" startTime="2025-08-01T16:09:40.4614550+03:00" endTime="2025-08-01T16:09:40.4614550+03:00" testType="13cdc9d9-ddb5-4fa4-a97d-d965ccfc6d4b" outcome="Passed" testListId="8c84fa94-04c1-424b-9868-57a2d4851a1d" relativeResultsDirectory="c3e03044-b2d1-4d08-906b-b6ba936bc926" />
    <UnitTestResult executionId="e09ae65b-49e0-4334-a9eb-d0925db7f106" testId="0bc29a4b-bd8e-0433-e669-c200ff4b3084" testName="ServicesDashboard.Tests.Integration.NetworkDiscoveryIntegrationTests.ScanHost_WithValidRequest_ReturnsSuccess" computerName="Nikolaoss-MacBook-Air" duration="00:00:00.0010000" startTime="2025-08-01T16:09:40.4310770+03:00" endTime="2025-08-01T16:09:40.4310770+03:00" testType="13cdc9d9-ddb5-4fa4-a97d-d965ccfc6d4b" outcome="Failed" testListId="8c84fa94-04c1-424b-9868-57a2d4851a1d" relativeResultsDirectory="e09ae65b-49e0-4334-a9eb-d0925db7f106">
      <Output>
        <ErrorInfo>
          <Message>System.InvalidOperationException : Can't find '/Users/nickantoniadis/Documents/Repositories/ServicesDashboard/ServicesDashboard.Tests/bin/Debug/net9.0/testhost.deps.json'. This file is required for functional tests to run properly. There should be a copy of the file on your source project bin folder. If that is not the case, make sure that the property PreserveCompilationContext is set to true on your project file. E.g '&lt;PreserveCompilationContext&gt;true&lt;/PreserveCompilationContext&gt;'. For functional tests to work they need to either run from the build output folder or the testhost.deps.json file from your application's output directory must be copied to the folder where the tests are running on. A common cause for this error is having shadow copying enabled when the tests run.</Message>
          <StackTrace>   at Microsoft.AspNetCore.Mvc.Testing.WebApplicationFactory`1.EnsureDepsFile()
   at Microsoft.AspNetCore.Mvc.Testing.WebApplicationFactory`1.EnsureServer()
   at Microsoft.AspNetCore.Mvc.Testing.WebApplicationFactory`1.CreateDefaultClient(DelegatingHandler[] handlers)
   at Microsoft.AspNetCore.Mvc.Testing.WebApplicationFactory`1.CreateDefaultClient(Uri baseAddress, DelegatingHandler[] handlers)
   at Microsoft.AspNetCore.Mvc.Testing.WebApplicationFactory`1.CreateClient(WebApplicationFactoryClientOptions options)
   at Microsoft.AspNetCore.Mvc.Testing.WebApplicationFactory`1.CreateClient()
   at ServicesDashboard.Tests.Integration.NetworkDiscoveryIntegrationTests..ctor(WebApplicationFactory`1 factory) in /Users/nickantoniadis/Documents/Repositories/ServicesDashboard/ServicesDashboard.Tests/Integration/NetworkDiscoveryIntegrationTests.cs:line 18
   at InvokeStub_NetworkDiscoveryIntegrationTests..ctor(Object, Span`1)
   at System.Reflection.MethodBaseInvoker.InvokeWithOneArg(Object obj, BindingFlags invokeAttr, Binder binder, Object[] parameters, CultureInfo culture)</StackTrace>
        </ErrorInfo>
      </Output>
    </UnitTestResult>
    <UnitTestResult executionId="399e54cc-56c8-4cc8-ac14-e7739d51559d" testId="cc319e07-5ceb-2bba-6ecc-d3cc3ce451e5" testName="ServicesDashboard.Tests.Controllers.ServersControllerTests.TestNewConnection_WithValidData_ReturnsOkWithResult" computerName="Nikolaoss-MacBook-Air" duration="00:00:00.0005818" startTime="2025-08-01T16:09:40.4620190+03:00" endTime="2025-08-01T16:09:40.4620190+03:00" testType="13cdc9d9-ddb5-4fa4-a97d-d965ccfc6d4b" outcome="Passed" testListId="8c84fa94-04c1-424b-9868-57a2d4851a1d" relativeResultsDirectory="399e54cc-56c8-4cc8-ac14-e7739d51559d" />
    <UnitTestResult executionId="fd88d58b-455b-4822-a553-6ded3628512b" testId="c006dd89-3ed1-ee63-8e7c-7dde01f6c595" testName="ServicesDashboard.Tests.Controllers.NetworkDiscoveryControllerTests.GetCommonPorts_ReturnsExpectedPorts" computerName="Nikolaoss-MacBook-Air" duration="00:00:00.0006377" startTime="2025-08-01T16:09:40.4610240+03:00" endTime="2025-08-01T16:09:40.4610240+03:00" testType="13cdc9d9-ddb5-4fa4-a97d-d965ccfc6d4b" outcome="Passed" testListId="8c84fa94-04c1-424b-9868-57a2d4851a1d" relativeResultsDirectory="fd88d58b-455b-4822-a553-6ded3628512b" />
    <UnitTestResult executionId="21c707a2-e0e8-41f5-84ac-69982ea2d65d" testId="c0f999c9-74ca-2652-4eae-ddf076420745" testName="ServicesDashboard.Tests.Controllers.ServersControllerTests.GetAllConnections_ReturnsOkWithConnections" computerName="Nikolaoss-MacBook-Air" duration="00:00:00.0007382" startTime="2025-08-01T16:09:40.4615580+03:00" endTime="2025-08-01T16:09:40.4615580+03:00" testType="13cdc9d9-ddb5-4fa4-a97d-d965ccfc6d4b" outcome="Passed" testListId="8c84fa94-04c1-424b-9868-57a2d4851a1d" relativeResultsDirectory="21c707a2-e0e8-41f5-84ac-69982ea2d65d" />
    <UnitTestResult executionId="bd15f335-5367-4086-95e4-671902302796" testId="ed826324-e2f9-dbe2-84f7-ec553ea71e2c" testName="ServicesDashboard.Tests.Controllers.ServersControllerTests.DeleteConnection_WithValidId_ReturnsNoContent" computerName="Nikolaoss-MacBook-Air" duration="00:00:00.0003818" startTime="2025-08-01T16:09:40.4611360+03:00" endTime="2025-08-01T16:09:40.4611360+03:00" testType="13cdc9d9-ddb5-4fa4-a97d-d965ccfc6d4b" outcome="Passed" testListId="8c84fa94-04c1-424b-9868-57a2d4851a1d" relativeResultsDirectory="bd15f335-5367-4086-95e4-671902302796" />
    <UnitTestResult executionId="f867b7d8-a87b-4f27-9f13-3683659ca190" testId="5fc28956-a396-ca12-f249-8a9d6a6d9899" testName="ServicesDashboard.Tests.Controllers.ServersControllerTests.UpdateConnection_WithValidData_ReturnsOk" computerName="Nikolaoss-MacBook-Air" duration="00:00:00.0005803" startTime="2025-08-01T16:09:40.4593800+03:00" endTime="2025-08-01T16:09:40.4593800+03:00" testType="13cdc9d9-ddb5-4fa4-a97d-d965ccfc6d4b" outcome="Passed" testListId="8c84fa94-04c1-424b-9868-57a2d4851a1d" relativeResultsDirectory="f867b7d8-a87b-4f27-9f13-3683659ca190" />
    <UnitTestResult executionId="27253224-dcb5-487e-bdc4-f9bc8eeaf0b3" testId="5e21c02a-1c8e-ebba-b9fd-abd7b691b680" testName="ServicesDashboard.Tests.Services.NetworkDiscoveryServiceTests.ScanNetworkAsync_WithCancellationToken_RespectsCancellation" computerName="Nikolaoss-MacBook-Air" duration="00:00:00.0004593" startTime="2025-08-01T16:09:40.4587660+03:00" endTime="2025-08-01T16:09:40.4587660+03:00" testType="13cdc9d9-ddb5-4fa4-a97d-d965ccfc6d4b" outcome="Passed" testListId="8c84fa94-04c1-424b-9868-57a2d4851a1d" relativeResultsDirectory="27253224-dcb5-487e-bdc4-f9bc8eeaf0b3" />
    <UnitTestResult executionId="79bdef8d-2e6a-4996-bf51-5a953ec696ad" testId="57ab60a5-ff9e-911c-be3e-ca4966e04b0f" testName="ServicesDashboard.Tests.Services.NetworkDiscoveryServiceTests.ScanHostAsync_WithDifferentHosts_HandlesGracefully(hostAddress: &quot;10.0.0.1&quot;)" computerName="Nikolaoss-MacBook-Air" duration="00:00:03.0036308" startTime="2025-08-01T16:09:46.4665220+03:00" endTime="2025-08-01T16:09:46.4665220+03:00" testType="13cdc9d9-ddb5-4fa4-a97d-d965ccfc6d4b" outcome="Passed" testListId="8c84fa94-04c1-424b-9868-57a2d4851a1d" relativeResultsDirectory="79bdef8d-2e6a-4996-bf51-5a953ec696ad" />
    <UnitTestResult executionId="2eb377e6-7984-4285-8ce4-05144eae0e05" testId="86b5c37d-44b0-b5f3-e8a7-486e8a015bdf" testName="ServicesDashboard.Tests.Integration.NetworkDiscoveryIntegrationTests.GetCommonPorts_ReturnsSuccessAndCorrectContentType" computerName="Nikolaoss-MacBook-Air" duration="00:00:00.0010000" startTime="2025-08-01T16:09:40.4307300+03:00" endTime="2025-08-01T16:09:40.4307300+03:00" testType="13cdc9d9-ddb5-4fa4-a97d-d965ccfc6d4b" outcome="Failed" testListId="8c84fa94-04c1-424b-9868-57a2d4851a1d" relativeResultsDirectory="2eb377e6-7984-4285-8ce4-05144eae0e05">
      <Output>
        <ErrorInfo>
          <Message>System.InvalidOperationException : Can't find '/Users/nickantoniadis/Documents/Repositories/ServicesDashboard/ServicesDashboard.Tests/bin/Debug/net9.0/testhost.deps.json'. This file is required for functional tests to run properly. There should be a copy of the file on your source project bin folder. If that is not the case, make sure that the property PreserveCompilationContext is set to true on your project file. E.g '&lt;PreserveCompilationContext&gt;true&lt;/PreserveCompilationContext&gt;'. For functional tests to work they need to either run from the build output folder or the testhost.deps.json file from your application's output directory must be copied to the folder where the tests are running on. A common cause for this error is having shadow copying enabled when the tests run.</Message>
          <StackTrace>   at Microsoft.AspNetCore.Mvc.Testing.WebApplicationFactory`1.EnsureDepsFile()
   at Microsoft.AspNetCore.Mvc.Testing.WebApplicationFactory`1.EnsureServer()
   at Microsoft.AspNetCore.Mvc.Testing.WebApplicationFactory`1.CreateDefaultClient(DelegatingHandler[] handlers)
   at Microsoft.AspNetCore.Mvc.Testing.WebApplicationFactory`1.CreateDefaultClient(Uri baseAddress, DelegatingHandler[] handlers)
   at Microsoft.AspNetCore.Mvc.Testing.WebApplicationFactory`1.CreateClient(WebApplicationFactoryClientOptions options)
   at Microsoft.AspNetCore.Mvc.Testing.WebApplicationFactory`1.CreateClient()
   at ServicesDashboard.Tests.Integration.NetworkDiscoveryIntegrationTests..ctor(WebApplicationFactory`1 factory) in /Users/nickantoniadis/Documents/Repositories/ServicesDashboard/ServicesDashboard.Tests/Integration/NetworkDiscoveryIntegrationTests.cs:line 18
   at InvokeStub_NetworkDiscoveryIntegrationTests..ctor(Object, Span`1)
   at System.Reflection.MethodBaseInvoker.InvokeWithOneArg(Object obj, BindingFlags invokeAttr, Binder binder, Object[] parameters, CultureInfo culture)</StackTrace>
        </ErrorInfo>
      </Output>
    </UnitTestResult>
  </Results>
  <TestDefinitions>
    <UnitTest name="ServicesDashboard.Tests.Controllers.LogsControllerTests.DownloadContainerLogs_WithValidContainerId_ReturnsFileResult" storage="/users/nickantoniadis/documents/repositories/servicesdashboard/servicesdashboard.tests/bin/debug/net9.0/servicesdashboard.tests.dll" id="55e83053-2da7-debb-2e9a-23fd284c89f5">
      <Execution id="497f8b60-a3ca-44ab-9181-ad910eeade37" />
      <TestMethod codeBase="/Users/nickantoniadis/Documents/Repositories/ServicesDashboard/ServicesDashboard.Tests/bin/Debug/net9.0/ServicesDashboard.Tests.dll" adapterTypeName="executor://xunit/VsTestRunner2/netcoreapp" className="ServicesDashboard.Tests.Controllers.LogsControllerTests" name="DownloadContainerLogs_WithValidContainerId_ReturnsFileResult" />
    </UnitTest>
    <UnitTest name="ServicesDashboard.Tests.Controllers.NetworkDiscoveryControllerTests.ScanHost_WithValidRequest_ReturnsOkResult" storage="/users/nickantoniadis/documents/repositories/servicesdashboard/servicesdashboard.tests/bin/debug/net9.0/servicesdashboard.tests.dll" id="33f56f6f-8bcf-416d-6466-f7bdd981ba5d">
      <Execution id="65e3f48e-3cbb-4bb0-8598-2a8acdda2210" />
      <TestMethod codeBase="/Users/nickantoniadis/Documents/Repositories/ServicesDashboard/ServicesDashboard.Tests/bin/Debug/net9.0/ServicesDashboard.Tests.dll" adapterTypeName="executor://xunit/VsTestRunner2/netcoreapp" className="ServicesDashboard.Tests.Controllers.NetworkDiscoveryControllerTests" name="ScanHost_WithValidRequest_ReturnsOkResult" />
    </UnitTest>
    <UnitTest name="ServicesDashboard.Tests.Controllers.NetworkDiscoveryControllerTests.AddDiscoveredServiceToServices_GeneratesCorrectUrl(hostAddress: &quot;192.168.1.1&quot;, port: 3306, serviceType: &quot;mysql&quot;, expectedUrl: &quot;http://192.168.1.1:3306&quot;)" storage="/users/nickantoniadis/documents/repositories/servicesdashboard/servicesdashboard.tests/bin/debug/net9.0/servicesdashboard.tests.dll" id="706057aa-0c14-d2e0-358a-006d99cf412b">
      <Execution id="b1ddbd9c-118a-4edb-8c61-79ecf55c1e4b" />
      <TestMethod codeBase="/Users/nickantoniadis/Documents/Repositories/ServicesDashboard/ServicesDashboard.Tests/bin/Debug/net9.0/ServicesDashboard.Tests.dll" adapterTypeName="executor://xunit/VsTestRunner2/netcoreapp" className="ServicesDashboard.Tests.Controllers.NetworkDiscoveryControllerTests" name="AddDiscoveredServiceToServices_GeneratesCorrectUrl" />
    </UnitTest>
    <UnitTest name="ServicesDashboard.Tests.Controllers.ServersControllerTests.TestConnection_WithValidId_ReturnsOkWithResult" storage="/users/nickantoniadis/documents/repositories/servicesdashboard/servicesdashboard.tests/bin/debug/net9.0/servicesdashboard.tests.dll" id="fd6a335d-8e30-03fd-3e0e-6902962c82bf">
      <Execution id="15df677c-8de9-41d1-bf66-8ad4cb73f5e5" />
      <TestMethod codeBase="/Users/nickantoniadis/Documents/Repositories/ServicesDashboard/ServicesDashboard.Tests/bin/Debug/net9.0/ServicesDashboard.Tests.dll" adapterTypeName="executor://xunit/VsTestRunner2/netcoreapp" className="ServicesDashboard.Tests.Controllers.ServersControllerTests" name="TestConnection_WithValidId_ReturnsOkWithResult" />
    </UnitTest>
    <UnitTest name="ServicesDashboard.Tests.Controllers.ServersControllerTests.UpdateConnection_WithInvalidId_ReturnsNotFound" storage="/users/nickantoniadis/documents/repositories/servicesdashboard/servicesdashboard.tests/bin/debug/net9.0/servicesdashboard.tests.dll" id="261b7edd-955f-e640-1e8d-55d103d56f1f">
      <Execution id="60f7366f-9ba0-45a5-816b-e3a63d1f38e0" />
      <TestMethod codeBase="/Users/nickantoniadis/Documents/Repositories/ServicesDashboard/ServicesDashboard.Tests/bin/Debug/net9.0/ServicesDashboard.Tests.dll" adapterTypeName="executor://xunit/VsTestRunner2/netcoreapp" className="ServicesDashboard.Tests.Controllers.ServersControllerTests" name="UpdateConnection_WithInvalidId_ReturnsNotFound" />
    </UnitTest>
    <UnitTest name="ServicesDashboard.Tests.Integration.NetworkDiscoveryIntegrationTests.ScanHost_WithValidRequest_ReturnsSuccess" storage="/users/nickantoniadis/documents/repositories/servicesdashboard/servicesdashboard.tests/bin/debug/net9.0/servicesdashboard.tests.dll" id="0bc29a4b-bd8e-0433-e669-c200ff4b3084">
      <Execution id="e09ae65b-49e0-4334-a9eb-d0925db7f106" />
      <TestMethod codeBase="/Users/nickantoniadis/Documents/Repositories/ServicesDashboard/ServicesDashboard.Tests/bin/Debug/net9.0/ServicesDashboard.Tests.dll" adapterTypeName="executor://xunit/VsTestRunner2/netcoreapp" className="ServicesDashboard.Tests.Integration.NetworkDiscoveryIntegrationTests" name="ScanHost_WithValidRequest_ReturnsSuccess" />
    </UnitTest>
    <UnitTest name="ServicesDashboard.Tests.Services.NetworkDiscoveryServiceTests.ScanNetworkAsync_WithRangeNotation_ParsesCorrectly" storage="/users/nickantoniadis/documents/repositories/servicesdashboard/servicesdashboard.tests/bin/debug/net9.0/servicesdashboard.tests.dll" id="370154b5-c46c-c7a7-d5bb-2a75924b4037">
      <Execution id="1218180e-dccd-475b-859d-3a18c07e217c" />
      <TestMethod codeBase="/Users/nickantoniadis/Documents/Repositories/ServicesDashboard/ServicesDashboard.Tests/bin/Debug/net9.0/ServicesDashboard.Tests.dll" adapterTypeName="executor://xunit/VsTestRunner2/netcoreapp" className="ServicesDashboard.Tests.Services.NetworkDiscoveryServiceTests" name="ScanNetworkAsync_WithRangeNotation_ParsesCorrectly" />
    </UnitTest>
    <UnitTest name="ServicesDashboard.Tests.Integration.NetworkDiscoveryIntegrationTests.GetCommonPorts_ReturnsSuccessAndCorrectContentType" storage="/users/nickantoniadis/documents/repositories/servicesdashboard/servicesdashboard.tests/bin/debug/net9.0/servicesdashboard.tests.dll" id="86b5c37d-44b0-b5f3-e8a7-486e8a015bdf">
      <Execution id="2eb377e6-7984-4285-8ce4-05144eae0e05" />
      <TestMethod codeBase="/Users/nickantoniadis/Documents/Repositories/ServicesDashboard/ServicesDashboard.Tests/bin/Debug/net9.0/ServicesDashboard.Tests.dll" adapterTypeName="executor://xunit/VsTestRunner2/netcoreapp" className="ServicesDashboard.Tests.Integration.NetworkDiscoveryIntegrationTests" name="GetCommonPorts_ReturnsSuccessAndCorrectContentType" />
    </UnitTest>
    <UnitTest name="ServicesDashboard.Tests.Controllers.NetworkDiscoveryControllerTests.AddDiscoveredServiceToServices_GeneratesCorrectUrl(hostAddress: &quot;192.168.1.1&quot;, port: 80, serviceType: &quot;http&quot;, expectedUrl: &quot;http://192.168.1.1:80&quot;)" storage="/users/nickantoniadis/documents/repositories/servicesdashboard/servicesdashboard.tests/bin/debug/net9.0/servicesdashboard.tests.dll" id="5e908340-ffe9-3140-3dfc-9442d4814977">
      <Execution id="1881618a-dfe7-420e-9167-677b0a14f4f7" />
      <TestMethod codeBase="/Users/nickantoniadis/Documents/Repositories/ServicesDashboard/ServicesDashboard.Tests/bin/Debug/net9.0/ServicesDashboard.Tests.dll" adapterTypeName="executor://xunit/VsTestRunner2/netcoreapp" className="ServicesDashboard.Tests.Controllers.NetworkDiscoveryControllerTests" name="AddDiscoveredServiceToServices_GeneratesCorrectUrl" />
    </UnitTest>
    <UnitTest name="ServicesDashboard.Tests.Services.NetworkDiscoveryServiceTests.ScanNetworkAsync_WithValidCidrRange_ReturnsDiscoveredServices" storage="/users/nickantoniadis/documents/repositories/servicesdashboard/servicesdashboard.tests/bin/debug/net9.0/servicesdashboard.tests.dll" id="8eedda20-ae0e-6421-677b-bb5fad03a9cc">
      <Execution id="467c12ba-1b4a-4bee-ac55-4b4270c582c8" />
      <TestMethod codeBase="/Users/nickantoniadis/Documents/Repositories/ServicesDashboard/ServicesDashboard.Tests/bin/Debug/net9.0/ServicesDashboard.Tests.dll" adapterTypeName="executor://xunit/VsTestRunner2/netcoreapp" className="ServicesDashboard.Tests.Services.NetworkDiscoveryServiceTests" name="ScanNetworkAsync_WithValidCidrRange_ReturnsDiscoveredServices" />
    </UnitTest>
    <UnitTest name="ServicesDashboard.Tests.Controllers.NetworkDiscoveryControllerTests.AddDiscoveredServiceToServices_WithValidRequest_ReturnsOkResult" storage="/users/nickantoniadis/documents/repositories/servicesdashboard/servicesdashboard.tests/bin/debug/net9.0/servicesdashboard.tests.dll" id="adf6976e-3967-ea7f-805c-c3ae14f68e05">
      <Execution id="e1a98d5f-b996-448c-af67-13f045fe8743" />
      <TestMethod codeBase="/Users/nickantoniadis/Documents/Repositories/ServicesDashboard/ServicesDashboard.Tests/bin/Debug/net9.0/ServicesDashboard.Tests.dll" adapterTypeName="executor://xunit/VsTestRunner2/netcoreapp" className="ServicesDashboard.Tests.Controllers.NetworkDiscoveryControllerTests" name="AddDiscoveredServiceToServices_WithValidRequest_ReturnsOkResult" />
    </UnitTest>
    <UnitTest name="ServicesDashboard.Tests.Controllers.ServersControllerTests.DeleteConnection_WithValidId_ReturnsNoContent" storage="/users/nickantoniadis/documents/repositories/servicesdashboard/servicesdashboard.tests/bin/debug/net9.0/servicesdashboard.tests.dll" id="ed826324-e2f9-dbe2-84f7-ec553ea71e2c">
      <Execution id="bd15f335-5367-4086-95e4-671902302796" />
      <TestMethod codeBase="/Users/nickantoniadis/Documents/Repositories/ServicesDashboard/ServicesDashboard.Tests/bin/Debug/net9.0/ServicesDashboard.Tests.dll" adapterTypeName="executor://xunit/VsTestRunner2/netcoreapp" className="ServicesDashboard.Tests.Controllers.ServersControllerTests" name="DeleteConnection_WithValidId_ReturnsNoContent" />
    </UnitTest>
    <UnitTest name="ServicesDashboard.Tests.Integration.NetworkDiscoveryIntegrationTests.ScanNetwork_WithValidRequest_ReturnsSuccess" storage="/users/nickantoniadis/documents/repositories/servicesdashboard/servicesdashboard.tests/bin/debug/net9.0/servicesdashboard.tests.dll" id="f1027272-703c-bd2b-923a-d8891cc51473">
      <Execution id="fe927fe9-a149-4539-98a3-9245462ad63b" />
      <TestMethod codeBase="/Users/nickantoniadis/Documents/Repositories/ServicesDashboard/ServicesDashboard.Tests/bin/Debug/net9.0/ServicesDashboard.Tests.dll" adapterTypeName="executor://xunit/VsTestRunner2/netcoreapp" className="ServicesDashboard.Tests.Integration.NetworkDiscoveryIntegrationTests" name="ScanNetwork_WithValidRequest_ReturnsSuccess" />
    </UnitTest>
    <UnitTest name="ServicesDashboard.Tests.Controllers.NetworkDiscoveryControllerTests.GetCommonPorts_ReturnsExpectedPorts" storage="/users/nickantoniadis/documents/repositories/servicesdashboard/servicesdashboard.tests/bin/debug/net9.0/servicesdashboard.tests.dll" id="c006dd89-3ed1-ee63-8e7c-7dde01f6c595">
      <Execution id="fd88d58b-455b-4822-a553-6ded3628512b" />
      <TestMethod codeBase="/Users/nickantoniadis/Documents/Repositories/ServicesDashboard/ServicesDashboard.Tests/bin/Debug/net9.0/ServicesDashboard.Tests.dll" adapterTypeName="executor://xunit/VsTestRunner2/netcoreapp" className="ServicesDashboard.Tests.Controllers.NetworkDiscoveryControllerTests" name="GetCommonPorts_ReturnsExpectedPorts" />
    </UnitTest>
    <UnitTest name="ServicesDashboard.Tests.Controllers.LogsControllerTests.AnalyzeLogs_WithValidLogs_ReturnsAnalysisResult" storage="/users/nickantoniadis/documents/repositories/servicesdashboard/servicesdashboard.tests/bin/debug/net9.0/servicesdashboard.tests.dll" id="7753b3d4-a2ba-d287-f5cc-488fb8d8f0ef">
      <Execution id="74cc203a-e7c1-49a8-8640-8cb41d2a05f6" />
      <TestMethod codeBase="/Users/nickantoniadis/Documents/Repositories/ServicesDashboard/ServicesDashboard.Tests/bin/Debug/net9.0/ServicesDashboard.Tests.dll" adapterTypeName="executor://xunit/VsTestRunner2/netcoreapp" className="ServicesDashboard.Tests.Controllers.LogsControllerTests" name="AnalyzeLogs_WithValidLogs_ReturnsAnalysisResult" />
    </UnitTest>
    <UnitTest name="ServicesDashboard.Tests.Controllers.NetworkDiscoveryControllerTests.ScanNetwork_WithValidRequest_ReturnsOkResult" storage="/users/nickantoniadis/documents/repositories/servicesdashboard/servicesdashboard.tests/bin/debug/net9.0/servicesdashboard.tests.dll" id="b5adbda2-8059-db40-9689-27e898ffbf75">
      <Execution id="c3e03044-b2d1-4d08-906b-b6ba936bc926" />
      <TestMethod codeBase="/Users/nickantoniadis/Documents/Repositories/ServicesDashboard/ServicesDashboard.Tests/bin/Debug/net9.0/ServicesDashboard.Tests.dll" adapterTypeName="executor://xunit/VsTestRunner2/netcoreapp" className="ServicesDashboard.Tests.Controllers.NetworkDiscoveryControllerTests" name="ScanNetwork_WithValidRequest_ReturnsOkResult" />
    </UnitTest>
    <UnitTest name="ServicesDashboard.Tests.Services.NetworkDiscoveryServiceTests.ScanNetworkAsync_WithCancellationToken_RespectsCancellation" storage="/users/nickantoniadis/documents/repositories/servicesdashboard/servicesdashboard.tests/bin/debug/net9.0/servicesdashboard.tests.dll" id="5e21c02a-1c8e-ebba-b9fd-abd7b691b680">
      <Execution id="27253224-dcb5-487e-bdc4-f9bc8eeaf0b3" />
      <TestMethod codeBase="/Users/nickantoniadis/Documents/Repositories/ServicesDashboard/ServicesDashboard.Tests/bin/Debug/net9.0/ServicesDashboard.Tests.dll" adapterTypeName="executor://xunit/VsTestRunner2/netcoreapp" className="ServicesDashboard.Tests.Services.NetworkDiscoveryServiceTests" name="ScanNetworkAsync_WithCancellationToken_RespectsCancellation" />
    </UnitTest>
    <UnitTest name="ServicesDashboard.Tests.Controllers.ServersControllerTests.AddConnection_WithValidData_ReturnsCreatedAtAction" storage="/users/nickantoniadis/documents/repositories/servicesdashboard/servicesdashboard.tests/bin/debug/net9.0/servicesdashboard.tests.dll" id="83df9e9c-2713-66f4-d231-e99c124e3d35">
      <Execution id="f0aedd11-4980-4b8f-b55a-623cf8fd7ca6" />
      <TestMethod codeBase="/Users/nickantoniadis/Documents/Repositories/ServicesDashboard/ServicesDashboard.Tests/bin/Debug/net9.0/ServicesDashboard.Tests.dll" adapterTypeName="executor://xunit/VsTestRunner2/netcoreapp" className="ServicesDashboard.Tests.Controllers.ServersControllerTests" name="AddConnection_WithValidData_ReturnsCreatedAtAction" />
    </UnitTest>
    <UnitTest name="ServicesDashboard.Tests.Services.NetworkDiscoveryServiceTests.ScanHostAsync_WithDifferentHosts_HandlesGracefully(hostAddress: &quot;172.16.0.1&quot;)" storage="/users/nickantoniadis/documents/repositories/servicesdashboard/servicesdashboard.tests/bin/debug/net9.0/servicesdashboard.tests.dll" id="cf5f742f-82a1-5435-7a6c-24fd60a1375d">
      <Execution id="2ee1b8de-f046-4278-8244-9f02f89a8bb3" />
      <TestMethod codeBase="/Users/nickantoniadis/Documents/Repositories/ServicesDashboard/ServicesDashboard.Tests/bin/Debug/net9.0/ServicesDashboard.Tests.dll" adapterTypeName="executor://xunit/VsTestRunner2/netcoreapp" className="ServicesDashboard.Tests.Services.NetworkDiscoveryServiceTests" name="ScanHostAsync_WithDifferentHosts_HandlesGracefully" />
    </UnitTest>
    <UnitTest name="ServicesDashboard.Tests.Controllers.ServersControllerTests.UpdateConnection_WithValidData_ReturnsOk" storage="/users/nickantoniadis/documents/repositories/servicesdashboard/servicesdashboard.tests/bin/debug/net9.0/servicesdashboard.tests.dll" id="5fc28956-a396-ca12-f249-8a9d6a6d9899">
      <Execution id="f867b7d8-a87b-4f27-9f13-3683659ca190" />
      <TestMethod codeBase="/Users/nickantoniadis/Documents/Repositories/ServicesDashboard/ServicesDashboard.Tests/bin/Debug/net9.0/ServicesDashboard.Tests.dll" adapterTypeName="executor://xunit/VsTestRunner2/netcoreapp" className="ServicesDashboard.Tests.Controllers.ServersControllerTests" name="UpdateConnection_WithValidData_ReturnsOk" />
    </UnitTest>
    <UnitTest name="ServicesDashboard.Tests.Controllers.NetworkDiscoveryControllerTests.ScanNetwork_WithException_ReturnsBadRequest" storage="/users/nickantoniadis/documents/repositories/servicesdashboard/servicesdashboard.tests/bin/debug/net9.0/servicesdashboard.tests.dll" id="e063fec4-e5c1-44f8-fb52-9ef84c815d8a">
      <Execution id="2450a1f5-97dc-4016-9127-c384c1d63ef9" />
      <TestMethod codeBase="/Users/nickantoniadis/Documents/Repositories/ServicesDashboard/ServicesDashboard.Tests/bin/Debug/net9.0/ServicesDashboard.Tests.dll" adapterTypeName="executor://xunit/VsTestRunner2/netcoreapp" className="ServicesDashboard.Tests.Controllers.NetworkDiscoveryControllerTests" name="ScanNetwork_WithException_ReturnsBadRequest" />
    </UnitTest>
    <UnitTest name="ServicesDashboard.Tests.Controllers.ServersControllerTests.DeleteConnection_WithInvalidId_ReturnsNotFound" storage="/users/nickantoniadis/documents/repositories/servicesdashboard/servicesdashboard.tests/bin/debug/net9.0/servicesdashboard.tests.dll" id="422f4e1f-7619-50dd-960a-d1a4c9e58d1f">
      <Execution id="add62216-3299-414d-8125-11d2d0ff785a" />
      <TestMethod codeBase="/Users/nickantoniadis/Documents/Repositories/ServicesDashboard/ServicesDashboard.Tests/bin/Debug/net9.0/ServicesDashboard.Tests.dll" adapterTypeName="executor://xunit/VsTestRunner2/netcoreapp" className="ServicesDashboard.Tests.Controllers.ServersControllerTests" name="DeleteConnection_WithInvalidId_ReturnsNotFound" />
    </UnitTest>
    <UnitTest name="ServicesDashboard.Tests.Controllers.LogsControllerTests.GetContainers_ReturnsOkWithContainerList" storage="/users/nickantoniadis/documents/repositories/servicesdashboard/servicesdashboard.tests/bin/debug/net9.0/servicesdashboard.tests.dll" id="0bed79ce-99c9-ce39-2891-964c239890e3">
      <Execution id="7ebd8dad-7479-44a7-b1f4-acaaa1824046" />
      <TestMethod codeBase="/Users/nickantoniadis/Documents/Repositories/ServicesDashboard/ServicesDashboard.Tests/bin/Debug/net9.0/ServicesDashboard.Tests.dll" adapterTypeName="executor://xunit/VsTestRunner2/netcoreapp" className="ServicesDashboard.Tests.Controllers.LogsControllerTests" name="GetContainers_ReturnsOkWithContainerList" />
    </UnitTest>
    <UnitTest name="ServicesDashboard.Tests.Services.NetworkDiscoveryServiceTests.ScanNetworkAsync_WithSingleIp_HandlesSingleHost" storage="/users/nickantoniadis/documents/repositories/servicesdashboard/servicesdashboard.tests/bin/debug/net9.0/servicesdashboard.tests.dll" id="c9c42793-4cf0-005f-abb3-28def34b517a">
      <Execution id="8dc2ef20-e877-43ac-98c8-dbb8e43c4802" />
      <TestMethod codeBase="/Users/nickantoniadis/Documents/Repositories/ServicesDashboard/ServicesDashboard.Tests/bin/Debug/net9.0/ServicesDashboard.Tests.dll" adapterTypeName="executor://xunit/VsTestRunner2/netcoreapp" className="ServicesDashboard.Tests.Services.NetworkDiscoveryServiceTests" name="ScanNetworkAsync_WithSingleIp_HandlesSingleHost" />
    </UnitTest>
    <UnitTest name="ServicesDashboard.Tests.Services.NetworkDiscoveryServiceTests.ScanHostAsync_WithDifferentHosts_HandlesGracefully(hostAddress: &quot;10.0.0.1&quot;)" storage="/users/nickantoniadis/documents/repositories/servicesdashboard/servicesdashboard.tests/bin/debug/net9.0/servicesdashboard.tests.dll" id="57ab60a5-ff9e-911c-be3e-ca4966e04b0f">
      <Execution id="79bdef8d-2e6a-4996-bf51-5a953ec696ad" />
      <TestMethod codeBase="/Users/nickantoniadis/Documents/Repositories/ServicesDashboard/ServicesDashboard.Tests/bin/Debug/net9.0/ServicesDashboard.Tests.dll" adapterTypeName="executor://xunit/VsTestRunner2/netcoreapp" className="ServicesDashboard.Tests.Services.NetworkDiscoveryServiceTests" name="ScanHostAsync_WithDifferentHosts_HandlesGracefully" />
    </UnitTest>
    <UnitTest name="ServicesDashboard.Tests.Controllers.ServersControllerTests.TestNewConnection_WithValidData_ReturnsOkWithResult" storage="/users/nickantoniadis/documents/repositories/servicesdashboard/servicesdashboard.tests/bin/debug/net9.0/servicesdashboard.tests.dll" id="cc319e07-5ceb-2bba-6ecc-d3cc3ce451e5">
      <Execution id="399e54cc-56c8-4cc8-ac14-e7739d51559d" />
      <TestMethod codeBase="/Users/nickantoniadis/Documents/Repositories/ServicesDashboard/ServicesDashboard.Tests/bin/Debug/net9.0/ServicesDashboard.Tests.dll" adapterTypeName="executor://xunit/VsTestRunner2/netcoreapp" className="ServicesDashboard.Tests.Controllers.ServersControllerTests" name="TestNewConnection_WithValidData_ReturnsOkWithResult" />
    </UnitTest>
    <UnitTest name="ServicesDashboard.Tests.Controllers.ServersControllerTests.GetConnection_WithValidId_ReturnsOkWithConnection" storage="/users/nickantoniadis/documents/repositories/servicesdashboard/servicesdashboard.tests/bin/debug/net9.0/servicesdashboard.tests.dll" id="f642d4ce-ceae-a4bd-bbb7-56190eedbd3b">
      <Execution id="2209fae8-1011-44cb-bbb2-508631bd4b8f" />
      <TestMethod codeBase="/Users/nickantoniadis/Documents/Repositories/ServicesDashboard/ServicesDashboard.Tests/bin/Debug/net9.0/ServicesDashboard.Tests.dll" adapterTypeName="executor://xunit/VsTestRunner2/netcoreapp" className="ServicesDashboard.Tests.Controllers.ServersControllerTests" name="GetConnection_WithValidId_ReturnsOkWithConnection" />
    </UnitTest>
    <UnitTest name="ServicesDashboard.Tests.Models.HostedServiceTests.HostedService_Properties_CanBeSet" storage="/users/nickantoniadis/documents/repositories/servicesdashboard/servicesdashboard.tests/bin/debug/net9.0/servicesdashboard.tests.dll" id="28be2ecf-9d6a-dbc7-e02b-62b6be568849">
      <Execution id="84477d42-f9ce-40ac-b2d1-4ca7f6be04b2" />
      <TestMethod codeBase="/Users/nickantoniadis/Documents/Repositories/ServicesDashboard/ServicesDashboard.Tests/bin/Debug/net9.0/ServicesDashboard.Tests.dll" adapterTypeName="executor://xunit/VsTestRunner2/netcoreapp" className="ServicesDashboard.Tests.Models.HostedServiceTests" name="HostedService_Properties_CanBeSet" />
    </UnitTest>
    <UnitTest name="ServicesDashboard.Tests.Controllers.LogsControllerTests.GetContainerLogs_WithCustomLines_PassesCorrectParameter" storage="/users/nickantoniadis/documents/repositories/servicesdashboard/servicesdashboard.tests/bin/debug/net9.0/servicesdashboard.tests.dll" id="7898796b-a844-3338-2246-0b79082c0590">
      <Execution id="f1af34a8-835e-4258-8f40-672fd9ba63ce" />
      <TestMethod codeBase="/Users/nickantoniadis/Documents/Repositories/ServicesDashboard/ServicesDashboard.Tests/bin/Debug/net9.0/ServicesDashboard.Tests.dll" adapterTypeName="executor://xunit/VsTestRunner2/netcoreapp" className="ServicesDashboard.Tests.Controllers.LogsControllerTests" name="GetContainerLogs_WithCustomLines_PassesCorrectParameter" />
    </UnitTest>
    <UnitTest name="ServicesDashboard.Tests.Controllers.NetworkDiscoveryControllerTests.AddDiscoveredServiceToServices_GeneratesCorrectUrl(hostAddress: &quot;192.168.1.1&quot;, port: 443, serviceType: &quot;https&quot;, expectedUrl: &quot;https://192.168.1.1:443&quot;)" storage="/users/nickantoniadis/documents/repositories/servicesdashboard/servicesdashboard.tests/bin/debug/net9.0/servicesdashboard.tests.dll" id="ba01ddb8-41ec-e6c5-4035-979e8055b646">
      <Execution id="7db6f8fb-7acc-4b04-8211-289cdb7e4d3d" />
      <TestMethod codeBase="/Users/nickantoniadis/Documents/Repositories/ServicesDashboard/ServicesDashboard.Tests/bin/Debug/net9.0/ServicesDashboard.Tests.dll" adapterTypeName="executor://xunit/VsTestRunner2/netcoreapp" className="ServicesDashboard.Tests.Controllers.NetworkDiscoveryControllerTests" name="AddDiscoveredServiceToServices_GeneratesCorrectUrl" />
    </UnitTest>
    <UnitTest name="ServicesDashboard.Tests.Controllers.ServersControllerTests.GetConnection_WithInvalidId_ReturnsNotFound" storage="/users/nickantoniadis/documents/repositories/servicesdashboard/servicesdashboard.tests/bin/debug/net9.0/servicesdashboard.tests.dll" id="f7e91d68-24a1-4ac4-9538-d6cb1549be07">
      <Execution id="e829f405-f988-4ec1-a3df-9ecaad38e7e3" />
      <TestMethod codeBase="/Users/nickantoniadis/Documents/Repositories/ServicesDashboard/ServicesDashboard.Tests/bin/Debug/net9.0/ServicesDashboard.Tests.dll" adapterTypeName="executor://xunit/VsTestRunner2/netcoreapp" className="ServicesDashboard.Tests.Controllers.ServersControllerTests" name="GetConnection_WithInvalidId_ReturnsNotFound" />
    </UnitTest>
    <UnitTest name="ServicesDashboard.Tests.Models.HostedServiceTests.HostedService_DefaultValues_AreSetCorrectly" storage="/users/nickantoniadis/documents/repositories/servicesdashboard/servicesdashboard.tests/bin/debug/net9.0/servicesdashboard.tests.dll" id="2ec22ccc-9f53-fd22-bd37-dc65f53d39cc">
      <Execution id="adde8874-38ab-4061-b8b4-8bea9b0cdbc5" />
      <TestMethod codeBase="/Users/nickantoniadis/Documents/Repositories/ServicesDashboard/ServicesDashboard.Tests/bin/Debug/net9.0/ServicesDashboard.Tests.dll" adapterTypeName="executor://xunit/VsTestRunner2/netcoreapp" className="ServicesDashboard.Tests.Models.HostedServiceTests" name="HostedService_DefaultValues_AreSetCorrectly" />
    </UnitTest>
    <UnitTest name="ServicesDashboard.Tests.Services.NetworkDiscoveryServiceTests.ScanHostAsync_WithValidHost_ReturnsDiscoveredServices" storage="/users/nickantoniadis/documents/repositories/servicesdashboard/servicesdashboard.tests/bin/debug/net9.0/servicesdashboard.tests.dll" id="c5f4b392-1434-2b61-6bc9-5fc0b646f8fd">
      <Execution id="23f72096-a3cb-4a7a-99e3-af3e647640d0" />
      <TestMethod codeBase="/Users/nickantoniadis/Documents/Repositories/ServicesDashboard/ServicesDashboard.Tests/bin/Debug/net9.0/ServicesDashboard.Tests.dll" adapterTypeName="executor://xunit/VsTestRunner2/netcoreapp" className="ServicesDashboard.Tests.Services.NetworkDiscoveryServiceTests" name="ScanHostAsync_WithValidHost_ReturnsDiscoveredServices" />
    </UnitTest>
    <UnitTest name="ServicesDashboard.Tests.Controllers.ServersControllerTests.GetAllConnections_ReturnsOkWithConnections" storage="/users/nickantoniadis/documents/repositories/servicesdashboard/servicesdashboard.tests/bin/debug/net9.0/servicesdashboard.tests.dll" id="c0f999c9-74ca-2652-4eae-ddf076420745">
      <Execution id="21c707a2-e0e8-41f5-84ac-69982ea2d65d" />
      <TestMethod codeBase="/Users/nickantoniadis/Documents/Repositories/ServicesDashboard/ServicesDashboard.Tests/bin/Debug/net9.0/ServicesDashboard.Tests.dll" adapterTypeName="executor://xunit/VsTestRunner2/netcoreapp" className="ServicesDashboard.Tests.Controllers.ServersControllerTests" name="GetAllConnections_ReturnsOkWithConnections" />
    </UnitTest>
    <UnitTest name="ServicesDashboard.Tests.Controllers.LogsControllerTests.GetContainerLogs_WithValidContainerId_ReturnsOkWithLogs" storage="/users/nickantoniadis/documents/repositories/servicesdashboard/servicesdashboard.tests/bin/debug/net9.0/servicesdashboard.tests.dll" id="acfdc6ea-1ea1-3add-7c52-4f2323013b62">
      <Execution id="1ba845a4-5183-4b96-985b-d1845c67db36" />
      <TestMethod codeBase="/Users/nickantoniadis/Documents/Repositories/ServicesDashboard/ServicesDashboard.Tests/bin/Debug/net9.0/ServicesDashboard.Tests.dll" adapterTypeName="executor://xunit/VsTestRunner2/netcoreapp" className="ServicesDashboard.Tests.Controllers.LogsControllerTests" name="GetContainerLogs_WithValidContainerId_ReturnsOkWithLogs" />
    </UnitTest>
    <UnitTest name="ServicesDashboard.Tests.Services.NetworkDiscoveryServiceTests.ScanHostAsync_WithDifferentHosts_HandlesGracefully(hostAddress: &quot;192.168.1.1&quot;)" storage="/users/nickantoniadis/documents/repositories/servicesdashboard/servicesdashboard.tests/bin/debug/net9.0/servicesdashboard.tests.dll" id="99865d63-be48-2b48-8d50-99e9960bad2e">
      <Execution id="d25a3b54-760a-490f-96eb-4cb0f32dc71a" />
      <TestMethod codeBase="/Users/nickantoniadis/Documents/Repositories/ServicesDashboard/ServicesDashboard.Tests/bin/Debug/net9.0/ServicesDashboard.Tests.dll" adapterTypeName="executor://xunit/VsTestRunner2/netcoreapp" className="ServicesDashboard.Tests.Services.NetworkDiscoveryServiceTests" name="ScanHostAsync_WithDifferentHosts_HandlesGracefully" />
    </UnitTest>
    <UnitTest name="ServicesDashboard.Tests.Controllers.NetworkDiscoveryControllerTests.AddDiscoveredServiceToServices_GeneratesCorrectUrl(hostAddress: &quot;192.168.1.1&quot;, port: 8080, serviceType: &quot;http alt&quot;, expectedUrl: &quot;http://192.168.1.1:8080&quot;)" storage="/users/nickantoniadis/documents/repositories/servicesdashboard/servicesdashboard.tests/bin/debug/net9.0/servicesdashboard.tests.dll" id="5cbb8a4c-3806-08ba-465b-2d49acf81482">
      <Execution id="aa79cefd-8d15-4cdc-8661-727e3177d197" />
      <TestMethod codeBase="/Users/nickantoniadis/Documents/Repositories/ServicesDashboard/ServicesDashboard.Tests/bin/Debug/net9.0/ServicesDashboard.Tests.dll" adapterTypeName="executor://xunit/VsTestRunner2/netcoreapp" className="ServicesDashboard.Tests.Controllers.NetworkDiscoveryControllerTests" name="AddDiscoveredServiceToServices_GeneratesCorrectUrl" />
    </UnitTest>
  </TestDefinitions>
  <TestEntries>
    <TestEntry testId="f642d4ce-ceae-a4bd-bbb7-56190eedbd3b" executionId="2209fae8-1011-44cb-bbb2-508631bd4b8f" testListId="8c84fa94-04c1-424b-9868-57a2d4851a1d" />
    <TestEntry testId="ba01ddb8-41ec-e6c5-4035-979e8055b646" executionId="7db6f8fb-7acc-4b04-8211-289cdb7e4d3d" testListId="8c84fa94-04c1-424b-9868-57a2d4851a1d" />
    <TestEntry testId="422f4e1f-7619-50dd-960a-d1a4c9e58d1f" executionId="add62216-3299-414d-8125-11d2d0ff785a" testListId="8c84fa94-04c1-424b-9868-57a2d4851a1d" />
    <TestEntry testId="55e83053-2da7-debb-2e9a-23fd284c89f5" executionId="497f8b60-a3ca-44ab-9181-ad910eeade37" testListId="8c84fa94-04c1-424b-9868-57a2d4851a1d" />
    <TestEntry testId="f7e91d68-24a1-4ac4-9538-d6cb1549be07" executionId="e829f405-f988-4ec1-a3df-9ecaad38e7e3" testListId="8c84fa94-04c1-424b-9868-57a2d4851a1d" />
    <TestEntry testId="5e908340-ffe9-3140-3dfc-9442d4814977" executionId="1881618a-dfe7-420e-9167-677b0a14f4f7" testListId="8c84fa94-04c1-424b-9868-57a2d4851a1d" />
    <TestEntry testId="e063fec4-e5c1-44f8-fb52-9ef84c815d8a" executionId="2450a1f5-97dc-4016-9127-c384c1d63ef9" testListId="8c84fa94-04c1-424b-9868-57a2d4851a1d" />
    <TestEntry testId="33f56f6f-8bcf-416d-6466-f7bdd981ba5d" executionId="65e3f48e-3cbb-4bb0-8598-2a8acdda2210" testListId="8c84fa94-04c1-424b-9868-57a2d4851a1d" />
    <TestEntry testId="706057aa-0c14-d2e0-358a-006d99cf412b" executionId="b1ddbd9c-118a-4edb-8c61-79ecf55c1e4b" testListId="8c84fa94-04c1-424b-9868-57a2d4851a1d" />
    <TestEntry testId="fd6a335d-8e30-03fd-3e0e-6902962c82bf" executionId="15df677c-8de9-41d1-bf66-8ad4cb73f5e5" testListId="8c84fa94-04c1-424b-9868-57a2d4851a1d" />
    <TestEntry testId="261b7edd-955f-e640-1e8d-55d103d56f1f" executionId="60f7366f-9ba0-45a5-816b-e3a63d1f38e0" testListId="8c84fa94-04c1-424b-9868-57a2d4851a1d" />
    <TestEntry testId="28be2ecf-9d6a-dbc7-e02b-62b6be568849" executionId="84477d42-f9ce-40ac-b2d1-4ca7f6be04b2" testListId="8c84fa94-04c1-424b-9868-57a2d4851a1d" />
    <TestEntry testId="83df9e9c-2713-66f4-d231-e99c124e3d35" executionId="f0aedd11-4980-4b8f-b55a-623cf8fd7ca6" testListId="8c84fa94-04c1-424b-9868-57a2d4851a1d" />
    <TestEntry testId="7898796b-a844-3338-2246-0b79082c0590" executionId="f1af34a8-835e-4258-8f40-672fd9ba63ce" testListId="8c84fa94-04c1-424b-9868-57a2d4851a1d" />
    <TestEntry testId="8eedda20-ae0e-6421-677b-bb5fad03a9cc" executionId="467c12ba-1b4a-4bee-ac55-4b4270c582c8" testListId="8c84fa94-04c1-424b-9868-57a2d4851a1d" />
    <TestEntry testId="c5f4b392-1434-2b61-6bc9-5fc0b646f8fd" executionId="23f72096-a3cb-4a7a-99e3-af3e647640d0" testListId="8c84fa94-04c1-424b-9868-57a2d4851a1d" />
    <TestEntry testId="5cbb8a4c-3806-08ba-465b-2d49acf81482" executionId="aa79cefd-8d15-4cdc-8661-727e3177d197" testListId="8c84fa94-04c1-424b-9868-57a2d4851a1d" />
    <TestEntry testId="f1027272-703c-bd2b-923a-d8891cc51473" executionId="fe927fe9-a149-4539-98a3-9245462ad63b" testListId="8c84fa94-04c1-424b-9868-57a2d4851a1d" />
    <TestEntry testId="acfdc6ea-1ea1-3add-7c52-4f2323013b62" executionId="1ba845a4-5183-4b96-985b-d1845c67db36" testListId="8c84fa94-04c1-424b-9868-57a2d4851a1d" />
    <TestEntry testId="2ec22ccc-9f53-fd22-bd37-dc65f53d39cc" executionId="adde8874-38ab-4061-b8b4-8bea9b0cdbc5" testListId="8c84fa94-04c1-424b-9868-57a2d4851a1d" />
    <TestEntry testId="99865d63-be48-2b48-8d50-99e9960bad2e" executionId="d25a3b54-760a-490f-96eb-4cb0f32dc71a" testListId="8c84fa94-04c1-424b-9868-57a2d4851a1d" />
    <TestEntry testId="370154b5-c46c-c7a7-d5bb-2a75924b4037" executionId="1218180e-dccd-475b-859d-3a18c07e217c" testListId="8c84fa94-04c1-424b-9868-57a2d4851a1d" />
    <TestEntry testId="0bed79ce-99c9-ce39-2891-964c239890e3" executionId="7ebd8dad-7479-44a7-b1f4-acaaa1824046" testListId="8c84fa94-04c1-424b-9868-57a2d4851a1d" />
    <TestEntry testId="7753b3d4-a2ba-d287-f5cc-488fb8d8f0ef" executionId="74cc203a-e7c1-49a8-8640-8cb41d2a05f6" testListId="8c84fa94-04c1-424b-9868-57a2d4851a1d" />
    <TestEntry testId="c9c42793-4cf0-005f-abb3-28def34b517a" executionId="8dc2ef20-e877-43ac-98c8-dbb8e43c4802" testListId="8c84fa94-04c1-424b-9868-57a2d4851a1d" />
    <TestEntry testId="cf5f742f-82a1-5435-7a6c-24fd60a1375d" executionId="2ee1b8de-f046-4278-8244-9f02f89a8bb3" testListId="8c84fa94-04c1-424b-9868-57a2d4851a1d" />
    <TestEntry testId="adf6976e-3967-ea7f-805c-c3ae14f68e05" executionId="e1a98d5f-b996-448c-af67-13f045fe8743" testListId="8c84fa94-04c1-424b-9868-57a2d4851a1d" />
    <TestEntry testId="b5adbda2-8059-db40-9689-27e898ffbf75" executionId="c3e03044-b2d1-4d08-906b-b6ba936bc926" testListId="8c84fa94-04c1-424b-9868-57a2d4851a1d" />
    <TestEntry testId="0bc29a4b-bd8e-0433-e669-c200ff4b3084" executionId="e09ae65b-49e0-4334-a9eb-d0925db7f106" testListId="8c84fa94-04c1-424b-9868-57a2d4851a1d" />
    <TestEntry testId="cc319e07-5ceb-2bba-6ecc-d3cc3ce451e5" executionId="399e54cc-56c8-4cc8-ac14-e7739d51559d" testListId="8c84fa94-04c1-424b-9868-57a2d4851a1d" />
    <TestEntry testId="c006dd89-3ed1-ee63-8e7c-7dde01f6c595" executionId="fd88d58b-455b-4822-a553-6ded3628512b" testListId="8c84fa94-04c1-424b-9868-57a2d4851a1d" />
    <TestEntry testId="c0f999c9-74ca-2652-4eae-ddf076420745" executionId="21c707a2-e0e8-41f5-84ac-69982ea2d65d" testListId="8c84fa94-04c1-424b-9868-57a2d4851a1d" />
    <TestEntry testId="ed826324-e2f9-dbe2-84f7-ec553ea71e2c" executionId="bd15f335-5367-4086-95e4-671902302796" testListId="8c84fa94-04c1-424b-9868-57a2d4851a1d" />
    <TestEntry testId="5fc28956-a396-ca12-f249-8a9d6a6d9899" executionId="f867b7d8-a87b-4f27-9f13-3683659ca190" testListId="8c84fa94-04c1-424b-9868-57a2d4851a1d" />
    <TestEntry testId="5e21c02a-1c8e-ebba-b9fd-abd7b691b680" executionId="27253224-dcb5-487e-bdc4-f9bc8eeaf0b3" testListId="8c84fa94-04c1-424b-9868-57a2d4851a1d" />
    <TestEntry testId="57ab60a5-ff9e-911c-be3e-ca4966e04b0f" executionId="79bdef8d-2e6a-4996-bf51-5a953ec696ad" testListId="8c84fa94-04c1-424b-9868-57a2d4851a1d" />
    <TestEntry testId="86b5c37d-44b0-b5f3-e8a7-486e8a015bdf" executionId="2eb377e6-7984-4285-8ce4-05144eae0e05" testListId="8c84fa94-04c1-424b-9868-57a2d4851a1d" />
  </TestEntries>
  <TestLists>
    <TestList name="Results Not in a List" id="8c84fa94-04c1-424b-9868-57a2d4851a1d" />
    <TestList name="All Loaded Results" id="19431567-8539-422a-85d7-44ee4e166bda" />
  </TestLists>
  <ResultSummary outcome="Failed">
    <Counters total="37" executed="37" passed="34" failed="3" error="0" timeout="0" aborted="0" inconclusive="0" passedButRunAborted="0" notRunnable="0" notExecuted="0" disconnected="0" warning="0" completed="0" inProgress="0" pending="0" />
    <Output>
      <StdOut>[xUnit.net 00:00:00.00] xUnit.net VSTest Adapter v2.8.2+699d445a1a (64-bit .NET 9.0.5)
[xUnit.net 00:00:00.03]   Discovering: ServicesDashboard.Tests
[xUnit.net 00:00:00.05]   Discovered:  ServicesDashboard.Tests
[xUnit.net 00:00:00.05]   Starting:    ServicesDashboard.Tests
[xUnit.net 00:00:00.07]       System.InvalidOperationException : Can't find '/Users/nickantoniadis/Documents/Repositories/ServicesDashboard/ServicesDashboard.Tests/bin/Debug/net9.0/testhost.deps.json'. This file is required for functional tests to run properly. There should be a copy of the file on your source project bin folder. If that is not the case, make sure that the property PreserveCompilationContext is set to true on your project file. E.g '&lt;PreserveCompilationContext&gt;true&lt;/PreserveCompilationContext&gt;'. For functional tests to work they need to either run from the build output folder or the testhost.deps.json file from your application's output directory must be copied to the folder where the tests are running on. A common cause for this error is having shadow copying enabled when the tests run.
[xUnit.net 00:00:00.07]       Stack Trace:
[xUnit.net 00:00:00.07]            at Microsoft.AspNetCore.Mvc.Testing.WebApplicationFactory`1.EnsureDepsFile()
[xUnit.net 00:00:00.07]            at Microsoft.AspNetCore.Mvc.Testing.WebApplicationFactory`1.EnsureServer()
[xUnit.net 00:00:00.07]            at Microsoft.AspNetCore.Mvc.Testing.WebApplicationFactory`1.CreateDefaultClient(DelegatingHandler[] handlers)
[xUnit.net 00:00:00.07]            at Microsoft.AspNetCore.Mvc.Testing.WebApplicationFactory`1.CreateDefaultClient(Uri baseAddress, DelegatingHandler[] handlers)
[xUnit.net 00:00:00.07]            at Microsoft.AspNetCore.Mvc.Testing.WebApplicationFactory`1.CreateClient(WebApplicationFactoryClientOptions options)
[xUnit.net 00:00:00.07]            at Microsoft.AspNetCore.Mvc.Testing.WebApplicationFactory`1.CreateClient()
[xUnit.net 00:00:00.07]         /Users/nickantoniadis/Documents/Repositories/ServicesDashboard/ServicesDashboard.Tests/Integration/NetworkDiscoveryIntegrationTests.cs(18,0): at ServicesDashboard.Tests.Integration.NetworkDiscoveryIntegrationTests..ctor(WebApplicationFactory`1 factory)
[xUnit.net 00:00:00.07]            at System.RuntimeMethodHandle.InvokeMethod(Object target, Void** arguments, Signature sig, Boolean isConstructor)
[xUnit.net 00:00:00.07]            at System.Reflection.MethodBaseInvoker.InvokeDirectByRefWithFewArgs(Object obj, Span`1 copyOfArgs, BindingFlags invokeAttr)
[xUnit.net 00:00:00.08]       System.InvalidOperationException : Can't find '/Users/nickantoniadis/Documents/Repositories/ServicesDashboard/ServicesDashboard.Tests/bin/Debug/net9.0/testhost.deps.json'. This file is required for functional tests to run properly. There should be a copy of the file on your source project bin folder. If that is not the case, make sure that the property PreserveCompilationContext is set to true on your project file. E.g '&lt;PreserveCompilationContext&gt;true&lt;/PreserveCompilationContext&gt;'. For functional tests to work they need to either run from the build output folder or the testhost.deps.json file from your application's output directory must be copied to the folder where the tests are running on. A common cause for this error is having shadow copying enabled when the tests run.
[xUnit.net 00:00:00.08]       Stack Trace:
[xUnit.net 00:00:00.08]            at Microsoft.AspNetCore.Mvc.Testing.WebApplicationFactory`1.EnsureDepsFile()
[xUnit.net 00:00:00.08]            at Microsoft.AspNetCore.Mvc.Testing.WebApplicationFactory`1.EnsureServer()
[xUnit.net 00:00:00.08]            at Microsoft.AspNetCore.Mvc.Testing.WebApplicationFactory`1.CreateDefaultClient(DelegatingHandler[] handlers)
[xUnit.net 00:00:00.08]            at Microsoft.AspNetCore.Mvc.Testing.WebApplicationFactory`1.CreateDefaultClient(Uri baseAddress, DelegatingHandler[] handlers)
[xUnit.net 00:00:00.08]            at Microsoft.AspNetCore.Mvc.Testing.WebApplicationFactory`1.CreateClient(WebApplicationFactoryClientOptions options)
[xUnit.net 00:00:00.08]            at Microsoft.AspNetCore.Mvc.Testing.WebApplicationFactory`1.CreateClient()
[xUnit.net 00:00:00.08]         /Users/nickantoniadis/Documents/Repositories/ServicesDashboard/ServicesDashboard.Tests/Integration/NetworkDiscoveryIntegrationTests.cs(18,0): at ServicesDashboard.Tests.Integration.NetworkDiscoveryIntegrationTests..ctor(WebApplicationFactory`1 factory)
[xUnit.net 00:00:00.08]            at InvokeStub_NetworkDiscoveryIntegrationTests..ctor(Object, Span`1)
[xUnit.net 00:00:00.08]            at System.Reflection.MethodBaseInvoker.InvokeWithOneArg(Object obj, BindingFlags invokeAttr, Binder binder, Object[] parameters, CultureInfo culture)
[xUnit.net 00:00:00.08]       System.InvalidOperationException : Can't find '/Users/nickantoniadis/Documents/Repositories/ServicesDashboard/ServicesDashboard.Tests/bin/Debug/net9.0/testhost.deps.json'. This file is required for functional tests to run properly. There should be a copy of the file on your source project bin folder. If that is not the case, make sure that the property PreserveCompilationContext is set to true on your project file. E.g '&lt;PreserveCompilationContext&gt;true&lt;/PreserveCompilationContext&gt;'. For functional tests to work they need to either run from the build output folder or the testhost.deps.json file from your application's output directory must be copied to the folder where the tests are running on. A common cause for this error is having shadow copying enabled when the tests run.
[xUnit.net 00:00:00.08]       Stack Trace:
[xUnit.net 00:00:00.08]            at Microsoft.AspNetCore.Mvc.Testing.WebApplicationFactory`1.EnsureDepsFile()
[xUnit.net 00:00:00.08]            at Microsoft.AspNetCore.Mvc.Testing.WebApplicationFactory`1.EnsureServer()
[xUnit.net 00:00:00.08]            at Microsoft.AspNetCore.Mvc.Testing.WebApplicationFactory`1.CreateDefaultClient(DelegatingHandler[] handlers)
[xUnit.net 00:00:00.08]            at Microsoft.AspNetCore.Mvc.Testing.WebApplicationFactory`1.CreateDefaultClient(Uri baseAddress, DelegatingHandler[] handlers)
[xUnit.net 00:00:00.08]            at Microsoft.AspNetCore.Mvc.Testing.WebApplicationFactory`1.CreateClient(WebApplicationFactoryClientOptions options)
[xUnit.net 00:00:00.08]            at Microsoft.AspNetCore.Mvc.Testing.WebApplicationFactory`1.CreateClient()
[xUnit.net 00:00:00.08]         /Users/nickantoniadis/Documents/Repositories/ServicesDashboard/ServicesDashboard.Tests/Integration/NetworkDiscoveryIntegrationTests.cs(18,0): at ServicesDashboard.Tests.Integration.NetworkDiscoveryIntegrationTests..ctor(WebApplicationFactory`1 factory)
[xUnit.net 00:00:00.08]            at InvokeStub_NetworkDiscoveryIntegrationTests..ctor(Object, Span`1)
[xUnit.net 00:00:00.08]            at System.Reflection.MethodBaseInvoker.InvokeWithOneArg(Object obj, BindingFlags invokeAttr, Binder binder, Object[] parameters, CultureInfo culture)
[xUnit.net 00:00:09.21]   Finished:    ServicesDashboard.Tests
</StdOut>
    </Output>
    <RunInfos>
      <RunInfo computerName="Nikolaoss-MacBook-Air" outcome="Error" timestamp="2025-08-01T16:09:40.4241090+03:00">
        <Text>[xUnit.net 00:00:00.07]     ServicesDashboard.Tests.Integration.NetworkDiscoveryIntegrationTests.ScanNetwork_WithValidRequest_ReturnsSuccess [FAIL]</Text>
      </RunInfo>
      <RunInfo computerName="Nikolaoss-MacBook-Air" outcome="Error" timestamp="2025-08-01T16:09:40.4307640+03:00">
        <Text>[xUnit.net 00:00:00.08]     ServicesDashboard.Tests.Integration.NetworkDiscoveryIntegrationTests.GetCommonPorts_ReturnsSuccessAndCorrectContentType [FAIL]</Text>
      </RunInfo>
      <RunInfo computerName="Nikolaoss-MacBook-Air" outcome="Error" timestamp="2025-08-01T16:09:40.4311560+03:00">
        <Text>[xUnit.net 00:00:00.08]     ServicesDashboard.Tests.Integration.NetworkDiscoveryIntegrationTests.ScanHost_WithValidRequest_ReturnsSuccess [FAIL]</Text>
      </RunInfo>
    </RunInfos>
    <CollectorDataEntries>
      <Collector agentName="Nikolaoss-MacBook-Air" uri="datacollector://microsoft/CoverletCodeCoverage/1.0" collectorDisplayName="XPlat code coverage">
        <UriAttachments>
          <UriAttachment>
            <A href="Nikolaoss-MacBook-Air/coverage.cobertura.xml"></A>
          </UriAttachment>
        </UriAttachments>
      </Collector>
    </CollectorDataEntries>
  </ResultSummary>
</TestRun>